// Vitest Snapshot v1, https://vitest.dev/guide/snapshot.html

exports[`ENDPOINTS — the table > matches the reviewed snapshot 1`] = `
"listClasses: GET /class-instances [public]
getClass: GET /class-instances/:id [public]
streamClassOccupancy: GET /class-instances/occupancy/stream [public]
bookClass: POST /class-instances/:id/bookings [class:book]
cancelBooking: DELETE /class-instances/:id/bookings [class:book]
listMyBookings: GET /me/bookings [class:book]
getMyProfile: GET /me/profile [profile:manage]
updateMyProfile: PATCH /me/profile [profile:manage]
getMyGoals: GET /me/goals [profile:manage]
replaceMyGoals: PUT /me/goals [profile:manage]
getMySubscription: GET /me/subscription [subscription:manage]
getMyInvoicePdf: GET /me/invoices/:invoiceId/pdf [subscription:manage]
listMyOrders: GET /me/orders [profile:manage]
enrollSubscription: POST /subscriptions [subscription:manage]
freezeSubscription: POST /subscriptions/:id/freeze [subscription:manage]
unfreezeSubscription: POST /subscriptions/:id/unfreeze [subscription:manage]
purchaseCreditPack: POST /credit-packs/purchase [credit-pack:manage]
listCreditPackCatalogue: GET /credit-packs/catalogue [credit-pack:manage]
listMyCreditPacks: GET /members/me/credit-packs [credit-pack:manage]
getCatalogue: GET /catalogue [public]
createCheckout: POST /checkout [credit-pack:manage + subscription:manage]
getCheckoutOrder: GET /checkout/:orderId [credit-pack:manage + subscription:manage]
getCart: GET /cart [public]
addCartItem: POST /cart/items [public]
updateCartItem: PATCH /cart/items/:variantId [public]
removeCartItem: DELETE /cart/items/:variantId [public]
checkoutCart: POST /cart/checkout [public]
listProducts: GET /products [public]
listPackages: GET /packages [public]
listLocations: GET /locations [public]
listServices: GET /services [public]
listServiceSlots: GET /service-sessions [public]
listMyServiceSessions: GET /me/service-sessions [class:book]
bookServiceSession: POST /me/service-sessions/:id/book [class:book]
listTrainers: GET /trainers [public]
getTrainer: GET /trainers/:id [public]
createReview: POST /reviews [review:write]
listTrainerReviews: GET /trainers/:id/reviews [public]
listNotifications: GET /notifications [notification:manage]
getUnreadCount: GET /notifications/unread-count [notification:manage]
markNotificationsRead: POST /notifications/mark-read [notification:manage]
registerPushToken: POST /notifications/push-token [notification:manage]
unregisterPushToken: DELETE /notifications/push-token/:deviceId [notification:manage]
listBanners: GET /banners [public]
getGymBySubdomain: GET /gyms/by-subdomain/:slug [public]"
`;
